---
title: "Database를 실행해보자"
last_modified_at: 2020-06-01T20:20:02-05:00
categories:
  - LINUX
tags:
  - Database
  - MariaDB
  - MySQL
  - LINUX
toc: true 
toc_label: "Table of Contents"
toc_icon: "cog"
toc_sticky: true 
author_profile: true 
read_time: false 
---
---
### Database 설치
---
Maria db를 설치 하자
{: .notice}
```
[root@ns1 ~]# yum install mariadb -y -q
[root@ns1 ~]# systemctl start mariadb
```

mysql와 mariadb 가 설치되어있는지 검사해보자.
{: .notice}
```
[root@ns1 ~]# rpm -qa | grep "mysql\|mariadb*"
mysql-5.0.95-5.el5_9
[root@ns1 ~]# yum list mysql* 명령으로 확인
5.0
Mysql
Mysql-server
5.1
Mysql51-mysql
Mysql51- mysql-server
Service mysql51-mysqld start
```
DB를 실행해보자
{: .notice}
```
[root@ns2 ~]# mysql
Welcome to the MariaDB monitor.  Commands end with ; or \g.
Your MariaDB connection id is 8
Server version: 10.3.17-MariaDB MariaDB Server

Copyright (c) 2000, 2018, Oracle, MariaDB Corporation Ab and others.

Type 'help;' or '\h' for help. Type '\c' to clear the current input statement.

MariaDB [(none)]>
```
mysql-server를 인스톨하고 서비스를 실행해보자  
처음에 구동될때는 경고 메세지와 함께 DB가 초기화 되고 그 뒤로는 메세지없이 켜진다
{: .notice}
```
[root@ns1 ~]# yum install mysql-server
[root@ns1 ~]# service mysqld start
...
[root@ns1 ~]# service mysqld stop
mysqld 를 정지 중:                                         [  OK  ]
[root@ns1 ~]# service mysqld start
mysqld (을)를 시작 중:                                     [  OK  ]
[root@ns1 ~]#
```

/var와 /usr 밑에 있는 mysql 이라는 이름의 디렉토리를 찾아봐라!
{: .notice}
```
[root@ns1 ~]# find /var -type d -name "mysql"
/var/lib/mysql       #mysql을 생성하면 만들어지는 디렉토리
/var/lib/mysql/mysql   
[root@ns1 ~]#
```
```
[root@ns1 ~]# find /usr -type d -name "mysql"
/usr/lib/perl5/vendor_perl/5.8.8/i386-linux-thread-multi/auto/DBD/mysql
/usr/lib/perl5/vendor_perl/5.8.8/i386-linux-thread-multi/DBD/mysql
/usr/lib/mysql
/usr/share/mysql
```
/var/lib/mysql 폴더 내용을 지웠다가 다시 service mysqld start 하면 경고와 함께 다시 생성된다.
{: .notice}
```
[root@ns1 ~]# find /usr /var -name mysql -and -type d -print
/usr/lib/perl5/vendor_perl/5.8.8/i386-linux-thread-multi/auto/DBD/mysql
/usr/lib/perl5/vendor_perl/5.8.8/i386-linux-thread-multi/DBD/mysql
/usr/lib/mysql
/usr/share/mysql
/var/lib/mysql
/var/lib/mysql/mysql
[root@ns1 ~]#
```

---
### 계정 설정
---

패스워드를 설정하라는 문구가 나타난다
{: .notice}
```
PLEASE REMEMBER TO SET A PASSWORD FOR THE MySQL root USER !
To do so, start the server, then issue the following commands:
/usr/bin/mysqladmin -u root password 'new-password'
/usr/bin/mysqladmin -u root -h ns1.kjy.co.ki password 'new-password'
```
# mysqladmin -u root -h localhost passwd newpasswd ‘New’ -p 명령어를 사용하여 보자
{: .notice}
```
[root@ns1 ~]# mysqladmin -u root -h localhost password '123123'
[root@ns1 ~]#
```
패스워드를 한번 설정하면 아래와같이 재설정을 위한 옵션을 사용해야한다.
{: .notice}
```
[root@ns1 ~]# mysqladmin -u root -h localhost password '123' -p
Enter password:
```
* mysql을 실행해보자  
* -p만 치면 패스워드 입력을 요구하는 메세지가 나온다
* mysqladmin -u root -h localhost -p123123 을 타입해도 된다(보안상 좋지 않다)
{: .notice}
```
[root@ns1 ~]# mysql -u root -h localhost -p
Enter password:
```
```
[root@ns1 ~]# mysql -u root -h localhost -p123
```
---
### DB 생성
---

```
mysql> SHOW DATABASES;
+--------------------+
| Database           |
+--------------------+
| information_schema |
| mysql              |
| test               |
+--------------------+
3 rows in set (0.00 sec)
```
information_schema: 메타데이터 저장됨, 테이블 종류, 자료형 등등 
{: .notice}
```
mysql> CREATE DATABASE shopping_db;
Query OK, 1 row affected (0.00 sec)
mysql> SHOW DATABASES;
+--------------------+
| Database           |
+--------------------+
| information_schema |
| mysql              |
| shopping_db        |
| test               |
+--------------------+
4 rows in set (0.00 sec)
```

DB를 만들면 하드디스크에도 추가가 된다.
{: .notice}

```
[root@ns1 ~]# ls -lh /var/lib/mysql
합계 21M
-rw-rw---- 1 mysql mysql 5.0M  5월 21 16:33 ib_logfile0
-rw-rw---- 1 mysql mysql 5.0M  5월 21 16:33 ib_logfile1
-rw-rw---- 1 mysql mysql  10M  5월 21 16:33 ibdata1
drwx------ 2 mysql mysql 4.0K  5월 21 16:33 mysql
srwxrwxrwx 1 mysql mysql    0  5월 21 16:33 mysql.sock
drwx------ 2 mysql mysql 4.0K  5월 21 16:59 shopping_db
drwx------ 2 mysql mysql 4.0K  5월 21 16:33 test
[root@ns1 ~]#
```
쿨 백업: DB가 정지된 상태에서 폴더채로 백업  
핫 백업: 동작하는 상황에서 백업  
{: .notice}

```
mysql> DROP DATABASE shopping_db;
Query OK, 0 rows affected (0.00 sec)
mysql> SHOW DATABASES;
+--------------------+
| Database           |
+--------------------+
| information_schema |
| mysql              |
| test               |
+--------------------+
3 rows in set (0.00 sec)
```
Database 자체는 폴더다 (껍데기) 우리가 관리해야 할 것은 queue 이다.
{: .notice}
```
mysql> CREATE DATABASE shopping_db;
Query OK, 1 row affected (0.00 sec)

mysql> USE shopping_db
Database changed

mysql> SHOW TABLES;
Empty set (0.00 sec)
```

* DB는 대소문자를 구분한다! 예로 db 이름, table 명 등등 (사용자 정의어)
	* (대문자, 소문자, 숫자, _ 만을 사용하는 것이 좋다)
* 하지만 show database 같은 명령어는 소문자 대문자 구분이 없다 (시스템 예약어)
{: .notice}

my_average : 소문자만 사용하고 언더바로 스페이스바 효과를 내는 형태 snake case (데이터 이름)
MyAverage: Camel Case (프로시저, 함수, 메소드)
{: .notice}

---
#### Table 생성
---

* TABLE을 생성해보자
	* 보통은 아이디 같은 것만 고정길이를 사용한다.
	* 고정길이는 일정한 간격으로 데이터가 저장되기 때문에 접근하는데 짧은 시간이 걸린다.
{: .notice}
```
mysql> CREATE TABLE customer (id CHAR(10), name VARCHAR(40), age INT(3), address VARCHAR(40));
Query OK, 0 rows affected (0.01 sec)

mysql>
mysql> SHOW TABLES;
+-----------------------+
| Tables_in_shopping_db |
+-----------------------+
| customer              |
+-----------------------+
1 row in set (0.00 sec)

시간 01:29:15
mysql> EXPLAIN customer;
+---------+-------------+------+-----+---------+-------+
| Field   | Type        | Null | Key | Default | Extra |
+---------+-------------+------+-----+---------+-------+
| id      | char(10)    | YES  |     | NULL    |       |
| name    | varchar(40) | YES  |     | NULL    |       |
| age     | int(3)      | YES  |     | NULL    |       |
| address | varchar(40) | YES  |     | NULL    |       |
+---------+-------------+------+-----+---------+-------+
4 rows in set (0.00 sec)
```
또는 DESC customer; 명령어를 사용 할 수도 있다.
{: .notice}

---
#### TABLE 수정 
---
테이블 수정을 해봅시다.
{: .notice}
```
mysql> DESC customer;
+---------+-------------+------+-----+---------+-------+
| Field   | Type        | Null | Key | Default | Extra |
+---------+-------------+------+-----+---------+-------+
| id      | char(10)    | YES  |     | NULL    |       |
| name    | varchar(40) | YES  |     | NULL    |       |
| age     | int(3)      | YES  |     | NULL    |       |
| address | varchar(40) | YES  |     | NULL    |       |
+---------+-------------+------+-----+---------+-------+
4 rows in set (0.01 sec)
```
Name의 데이터 타입을 가변길이 100으로 바꿔보자
{: .notice}
```
mysql> ALTER TABLE customer MODIFY name VARCHAR(100);
Query OK, 0 rows affected (0.00 sec)
Records: 0  Duplicates: 0  Warnings: 0
```
```
mysql> EXPLAIN customer;
+---------+--------------+------+-----+---------+-------+
| Field   | Type         | Null | Key | Default | Extra |
+---------+--------------+------+-----+---------+-------+
| id      | char(10)     | YES  |     | NULL    |       |
| name    | varchar(100) | YES  |     | NULL    |       |
| age     | int(3)       | YES  |     | NULL    |       |
| address | varchar(40)  | YES  |     | NULL    |       |
+---------+--------------+------+-----+---------+-------+
4 rows in set (0.00 sec)
```

Address의 데이터 타입을 가변길이 100으로 바꿔보자
{: .notice}
```
mysql> ALTER TABLE customer MODIFY address VARCHAR(100);
Query OK, 0 rows affected (0.01 sec)
Records: 0  Duplicates: 0  Warnings: 0
```
```
mysql> EXPLAIN customer;
+---------+--------------+------+-----+---------+-------+
| Field   | Type         | Null | Key | Default | Extra |
+---------+--------------+------+-----+---------+-------+
| id      | char(10)     | YES  |     | NULL    |       |
| name    | varchar(100) | YES  |     | NULL    |       |
| age     | int(3)       | YES  |     | NULL    |       |
| address | varchar(100) | YES  |     | NULL    |       |
+---------+--------------+------+-----+---------+-------+
4 rows in set (0.00 sec)

mysql>
```

필드의 이름을 바꿔보자  
아쉽게도 필드명만 바꾸는 것은 불가능하다  
{: .notice}
```
mysql> ALTER TABLE customer CHANGE name fullname;
ERROR 1064 (42000): You have an error in your SQL syntax; check the manual that corresponds to your MySQL server version for the right syntax to use near '' at line 1
```
아래와 같이 필드명과 데이터 타입도 함께 입력해줘야한다.
{: .notice}
```
mysql> ALTER TABLE customer CHANGE name fullname VARCHAR(100);
Query OK, 0 rows affected (0.00 sec)
Records: 0  Duplicates: 0  Warnings: 0
```
```
mysql> EXPLAIN customer;
+----------+--------------+------+-----+---------+-------+
| Field    | Type         | Null | Key | Default | Extra |
+----------+--------------+------+-----+---------+-------+
| id       | char(10)     | YES  |     | NULL    |       |
| fullname | varchar(100) | YES  |     | NULL    |       |
| age      | int(3)       | YES  |     | NULL    |       |
| address  | varchar(100) | YES  |     | NULL    |       |
+----------+--------------+------+-----+---------+-------+
4 rows in set (0.00 sec)
```
이번엔 필드를 추가해보자 휴대폰번호는 길이가 일정하니 고정길이로 추가해보자
{: .notice}
```
mysql> ALTER TABLE customer ADD phone CHAR(13);
Query OK, 0 rows affected (0.00 sec)
Records: 0  Duplicates: 0  Warnings: 0
```
```
mysql> EXPLAIN customer;
+----------+--------------+------+-----+---------+-------+
| Field    | Type         | Null | Key | Default | Extra |
+----------+--------------+------+-----+---------+-------+
| id       | char(10)     | YES  |     | NULL    |       |
| fullname | varchar(100) | YES  |     | NULL    |       |
| age      | int(3)       | YES  |     | NULL    |       |
| address  | varchar(100) | YES  |     | NULL    |       |
| phone    | char(13)     | YES  |     | NULL    |       |
+----------+--------------+------+-----+---------+-------+
5 rows in set (0.00 sec)
```

추가했던 필드를 Drop 시키고 다시 특정한 위치를 지정하여 추가해보자
{: .notice}
```
mysql> ALTER TABLE customer DROP phone;
Query OK, 0 rows affected (0.00 sec)
Records: 0  Duplicates: 0  Warnings: 0

mysql> ALTER TABLE customer ADD phone CHAR(13) AFTER fullname;
Query OK, 0 rows affected (0.00 sec)
Records: 0  Duplicates: 0  Warnings: 0
```
```
mysql> EXPLAIN customer;
+----------+--------------+------+-----+---------+-------+
| Field    | Type         | Null | Key | Default | Extra |
+----------+--------------+------+-----+---------+-------+
| id       | char(10)     | YES  |     | NULL    |       |
| fullname | varchar(100) | YES  |     | NULL    |       |
| phone    | char(13)     | YES  |     | NULL    |       |
| age      | int(3)       | YES  |     | NULL    |       |
| address  | varchar(100) | YES  |     | NULL    |       |
+----------+--------------+------+-----+---------+-------+
5 rows in set (0.00 sec)
```

이번에는 필드를 맨 앞에 추가해보자
{: .notice}

```
mysql> ALTER TABLE customer DROP phone;
Query OK, 0 rows affected (0.00 sec)
Records: 0  Duplicates: 0  Warnings: 0

mysql> ALTER TABLE customer ADD phone CHAR(13) FIRST;
Query OK, 0 rows affected (0.00 sec)
Records: 0  Duplicates: 0  Warnings: 0
```
```
mysql> EXPLAIN customer;
+----------+--------------+------+-----+---------+-------+
| Field    | Type         | Null | Key | Default | Extra |
+----------+--------------+------+-----+---------+-------+
| phone    | char(13)     | YES  |     | NULL    |       |
| id       | char(10)     | YES  |     | NULL    |       |
| fullname | varchar(100) | YES  |     | NULL    |       |
| age      | int(3)       | YES  |     | NULL    |       |
| address  | varchar(100) | YES  |     | NULL    |       |
+----------+--------------+------+-----+---------+-------+
5 rows in set (0.00 sec)

mysql>
```
다시 원상 복구를 해보자 ~
{: .notice}

```
mysql> ALTER TABLE customer DROP phone;
Query OK, 0 rows affected (0.00 sec)
Records: 0  Duplicates: 0  Warnings: 0

mysql> ALTER TABLE customer CHANGE fullname name VARCHAR(40);
Query OK, 0 rows affected (0.00 sec)
Records: 0  Duplicates: 0  Warnings: 0

mysql> ALTER TABLE customer MODIFY address VARCHAR(40);
Query OK, 0 rows affected (0.00 sec)
Records: 0  Duplicates: 0  Warnings: 0

mysql> EXPLAIN customer;
+---------+-------------+------+-----+---------+-------+
| Field   | Type        | Null | Key | Default | Extra |
+---------+-------------+------+-----+---------+-------+
| id      | char(10)    | YES  |     | NULL    |       |
| name    | varchar(40) | YES  |     | NULL    |       |
| age     | int(3)      | YES  |     | NULL    |       |
| address | varchar(40) | YES  |     | NULL    |       |
+---------+-------------+------+-----+---------+-------+
4 rows in set (0.01 sec)

mysql>
```

---
#### Record 추가
---

```
mysql> SELECT id, name, age, address FROM customer;
Empty set (0.00 sec)


mysql> SELECT * FROM customer;
Empty set (0.00 sec)

mysql> INSERT INTO customer VALUES ('hong', '홍길동', 22, '경기');
Query OK, 1 row affected (0.00 sec)

mysql> SELECT * FROM customer;
+------+-----------+------+---------+
| id   | name      | age  | address |
+------+-----------+------+---------+
| hong | 홍길동 |   22 | 경기  |
+------+-----------+------+---------+
1 row in set (0.00 sec)
```

---
### 실습
---

정수에는 홀따옴표를 쓰지 않는다(그냥 7로 사용O '7' 사용 안함X)  
하지만 한글을 제대로 지원하지 않아서 간격도 안맞고 글씨가 자꾸 깨진다  
{: .notice}
다시 서비스 종료 시키고 삭제하자
{: .notice}
```
[root@ns1 ~]# service mysqld stop
mysqld 를 정지 중:                                         [  OK  ]
[root@ns1 ~]# rm -rf /var/lib/mysql/*
[root@ns1 ~]# yum remove mysql mysql-server
```
한국어가 깨져서 다시 설치하자
{: .notice}
```
[root@ns1 ~]# yum install mysql55-mysql mysql55-mysql-server
```
* 데몬을 구동 시켜보자
* 일반적으로는 /usr/… // 파일을 실행해야하지만 
* /etc/init.d 에 편하게 데몬을 구동시키기 위한 스크립트들이 모여있다.
* 스크립트 이름이 길어서 불편하니 간단한 이름으로 바꾸고 실행해보자!
{: .notice}
```
[root@ns1 ~]# cd /etc/init.d
[root@ns1 init.d]# mv mysql55-mysqld mysqld
[root@ns1 init.d]# service mysqld start
```
자 이제 암호를 설정해보자
{: .notice}
```
 # mysql -h xx -P xx -u xx -p 
-h를 생략하면 local host로 들어가는 것이 기본값이다.
-p로 는 포트번호 기본값은 3306이다
-u root 가 기본값
-p 는 암호 
```

암호 변경
{: .notice}
```
#mysqladmin -h l호스트명 -P 포트 -u 계정명 password “New암호” -p “old암호”
[root@ns1 init.d]# mysqladmin -h localhost -u root password '123456'

[root@ns1 init.d]# mysql -h localhost -P 3306 -u root -p
[root@ns1 init.d]# mysql -h localhost -P 3306 -u root -p123456
```
* 주의 따옴표가 잘못 들어갔다!
{: .notice}


자 그러면 다시 DB를 생성해보자 ~
{: .notice}
```
mysql> CREATE DATABASE shopping_db;
Query OK, 1 row affected (0.01 sec)

mysql> SHOW DATABASES;
+--------------------+
| Database           |
+--------------------+
| information_schema |
| mysql              |
| performance_schema |
| shopping_db        |
| test               |
+--------------------+
5 rows in set (0.00 sec)

mysql> USE shopping_db;
Database changed
```
보통 테이블을 생성할 때, 아래와 같이 한 줄 씩 생성한다. 가독성이 좋다 ~
{: .notice}
```
mysql> CREATE TABLE customer (
    -> id CHAR(10),
    -> name VARCHAR(40),
    -> age INT(3),
    -> address VARCHAR(40));
Query OK, 0 rows affected (0.02 sec)

mysql> SHOW TABLES;
+-----------------------+
| Tables_in_shopping_db |
+-----------------------+
| customer              |
+-----------------------+
1 row in set (0.00 sec)

mysql> EXPLAIN customer;
+---------+-------------+------+-----+---------+-------+
| Field   | Type        | Null | Key | Default | Extra |
+---------+-------------+------+-----+---------+-------+
| id      | char(10)    | YES  |     | NULL    |       |
| name    | varchar(40) | YES  |     | NULL    |       |
| age     | int(3)      | YES  |     | NULL    |       |
| address | varchar(40) | YES  |     | NULL    |       |
+---------+-------------+------+-----+---------+-------+
4 rows in set (0.00 sec)

mysql> INSERT INTO customer VALUES ('hong', '홍길동', 22, 'gyunhgi');
Query OK, 1 row affected (0.00 sec)

mysql>  INSERT INTO customer VALUES ('hong', '홍길동', 22, '경기');
Query OK, 1 row affected (0.00 sec)

mysql> SELECT * FROM customer;
+------+-----------+------+---------+
| id   | name      | age  | address |
+------+-----------+------+---------+
| hong | 홍길동 |   22 | gyunhgi |
| hong | 홍길동 |   22 | 경기  |
+------+-----------+------+---------+
2 rows in set (0.00 sec)
```
원래는 행 간격이 조절이 되어야한다   
굳이 값을 넣고 싶지 않으면 NULL을 넣을 수도 있다.  
{: .notice}
```
mysql>  INSERT INTO customer VALUES ('hwang', NULL, 23, NULL);
Query OK, 1 row affected (0.00 sec)

mysql> SELECT * FROM customer;
+-------+-----------+------+---------+
| id    | name      | age  | address |
+-------+-----------+------+---------+
| hong  | 홍길동 |   22 | gyunhgi |
| hong  | 홍길동 |   22 | 경기  |
| hwang | NULL      |   23 | NULL    |
+-------+-----------+------+---------+
3 rows in set (0.00 sec)
```

값이 하나라도 없으면 에러가 뜨면서 레코드가 들어가지 않는다  
이때 NULL을 넣는 방법 말고도 다른 방법이 하나 더 있다  
미리 입력할 필드를 미리 알려주고 넣는다. 그러면 그 외의 필드는 자동으로 NULL이 들어간다  
{: .notice}
```
mysql>  INSERT INTO customer (id, name) VALUES ('dog', 'dang dang e');
Query OK, 1 row affected (0.00 sec)

mysql> SELECT * FROM customer;
+-------+-------------+------+---------+
| id    | name        | age  | address |
+-------+-------------+------+---------+
| hong  | 홍길동   |   22 | gyunhgi |
| hong  | 홍길동   |   22 | 경기  |
| hwang | NULL        |   23 | NULL    |
| dog   | dang dang e | NULL | NULL    |
+-------+-------------+------+---------+
4 rows in set (0.00 sec)

mysql> DROP TABLE customer;
Query OK, 0 rows affected (0.00 sec)
```

이번에는 조건을 부여하여 테이블을 다시 만들어 보자
{: .notice}
```
mysql> CREATE TABLE customer(
    -> id CHAR(10) NOT NULL,
    -> name VARCHAR(40) NOT NULL,
    -> age INT(3),
    -> address VARCHAR(40));
Query OK, 0 rows affected (0.00 sec)

mysql> EXPLAIN customer;
+---------+-------------+------+-----+---------+-------+
| Field   | Type        | Null | Key | Default | Extra |
+---------+-------------+------+-----+---------+-------+
| id      | char(10)    | NO   |     | NULL    |       |
| name    | varchar(40) | NO   |     | NULL    |       |
| age     | int(3)      | YES  |     | NULL    |       |
| address | varchar(40) | YES  |     | NULL    |       |
+---------+-------------+------+-----+---------+-------+
4 rows in set (0.00 sec)


mysql> INSERT INTO customer VALUES ('hong', 'Hong Gil Dong', 22, NULL);
Query OK, 1 row affected (0.00 sec)

mysql> INSERT INTO customer (id, name) VALUES ('hwang', 'Hwang Jin E');
Query OK, 1 row affected (0.00 sec)

mysql> SELECT * FROM customer;
+-------+---------------+------+---------+
| id    | name          | age  | address |
+-------+---------------+------+---------+
| hong  | Hong Gil Dong |   22 | NULL    |
| hwang | Hwang Jin E   | NULL | NULL    |
+-------+---------------+------+---------+
2 rows in set (0.00 sec)
```

황진이와 같은 경우에는 id와 name이 둘다 not null 이고 이 두값을 입력해서 잘 들어갔다.  
그러면 not null인 필드를 하나 빼보자! waring으로만 처리해버렸다!  
원래는 되면 안되는데 문제가 심각하다  
{: .notice}

```
mysql> INSERT INTO customer (id, age) VALUES ('dog', 5);
Query OK, 1 row affected, 1 warning (0.00 sec)

mysql> SELECT * FROM customer;
+-------+---------------+------+---------+
| id    | name          | age  | address |
+-------+---------------+------+---------+
| hong  | Hong Gil Dong |   22 | NULL    |
| hwang | Hwang Jin E   | NULL | NULL    |
| dog   |               |    5 | NULL    |
+-------+---------------+------+---------+
3 rows in set (0.00 sec)
```

---
### 한국어 깨짐 현상 (재설치)
---

버전 때문에 문제가 많다 최신 버전으로 다시 받아서 실습하자
{: .notice}
```
[root@ns1 ~]# rpm -qa | grep mysql
mysql-5.0.95-5.el5_9
[root@ns1 ~]# yum remove mysql
```

Http://www.mysql.com  
https://downloads.mysql.com/archives/community/  
{: .notice}

```
# wget ftp://192.168.0.50/rpms/mysql/*
[root@ns1 ~]# ls *.rpm
mysql-5.7.9-1.el5.i686.rpm                   mysql-community-libs-5.7.9-1.el5.i686.rpm
mysql-community-client-5.7.9-1.el5.i686.rpm  mysql-community-libs-compat-5.7.9-1.el5.i686.rpm
mysql-community-common-5.7.9-1.el5.i686.rpm  mysql-community-server-5.7.9-1.el5.i686.rpm
[root@ns1 ~]# rpm -Uvh *.rpm
```

Mysql 사용자가 없어서 에러가 난다.
에러의 연속
{: .notice}
```
[root@ns1 ~]# useradd -u 27 -d /var/lib/mysql -c "MySQL Server" -s /sbin/nologin mysql
useradd: mysql 그룹이 이미 존재합니다 - 이 사용자를 이 그룹에 더하고자 한다면,
-g 옵션을 사용하십시오.
[root@ns1 ~]# grep mysql /etc/group
mysql:x:27:
[root@ns1 ~]#

[root@ns1 ~]# useradd -u 27 -d /var/lib/mysql -c "MySQL Server" -s /sbin/nologin -g mysql mysql
useradd: 경고: 홈디렉토리가 이미 존재합니다.
skel 디렉토리에서 파일을 복사하지 않습니다.
[root@ns1 ~]#
[root@ns1 ~]#
[root@ns1 ~]# service mysqld start
MySQL 데이타베이스를 초기화하는 중:                        [  OK  ]
MySQL Daemon failed to start.
mysqld (을)를 시작 중:                                     [실패]
[root@ns1 ~]# vi /etc/init.d/mysqld
    105             action $"Initializing MySQL database: " /usr/sbin/mysqld --initialize --da        tadir="$datadir" --user=root --init-file="$initfile"
```
위와 같이 User를 root로 수정 
{: .notice}
```
126         $exec   --datadir="$datadir" --socket="$socketfile" \
    127                 --pid-file="$mypidfile" \
    128                 --basedir=/usr --user=root $extra_opts >/dev/null 2>&1 &
```
마찬가지로 root로 고쳐준다
{: .notice}
```
[root@ns1 ~]# service mysqld start
mysqld (을)를 시작 중:                                     [  OK  ]
```
실행 잘된다.
{: .notice}
```
[root@ns1 ~]# grep mysql /etc/passwd
mysql:x:27:27:MySQL Server:/var/lib/mysql:/sbin/nologin
[root@ns1 ~]# ls -lh /var/log/mysqld.log
-rw-r----- 1 root mysql 15K  5월 21 16:30 /var/log/mysqld.log
[root@ns1 ~]#
[root@ns1 ~]#

[root@ns1 ~]# grep "temporary password" /var/log/mysqld.log
2020-05-21T07:19:19.942100Z 1 [Note] A temporary password is generated for root@localhost: dv3tKhkk,2s:
[root@ns1 ~]#
```

암호를 바꾸자 
{: .notice}
```
[root@ns1 ~]# mysqladmin -h localhost -P 3306 -u root password "P@ssw0rd" -p"dv3tKhkk,2s:"
```

Mysql 안에 들어와서 
{: .notice}
```
mysql> ALTER USER 'root'@'localhost' IDENTIFIED BY 'P@ssw0rd';
Query OK, 0 rows affected (0.00 sec)
```
이렇게 바꾸는 방법도 있다 ~
{: .notice}

---
### DataBase(데이터베이스) 용어
---

* Data(데이터): 일반적인 사실, 데이터
* Record(레코드): 행(row), Tuple(튜플)
* Table(데이터): 데이터를 표의 형식으로 표현
* Field(필드): Column(컬럼), 테이블의 열
	* 동일한 필드의 값은  같은 형의 데이터이여한다.
	* Primary Key(주키필드): 레코드을 식별하기 위한 유일한 값을 갖고, 비어있지 않은 필드
	* Foreign Key(외래키필드): 다른 테이블의 주키와 대응되는 필드
* 데이터 타입: 각 필드(컬럼)에 입력할 값의 타입
	* CHAR: 고정 길이 문자열
	* VARCHAR: 가변 길이 문자열
	* INT: 정수형
	* FLOAT: 실수형
	* DATE: 날짜형
	* TIME: 시간형
	* DATETIME: 날짜 시간형
{: .notice}
 
* DB(데이터베이스): 테이블을 저장하는 공간 or 테이블들의 집합
* DBMS(DataBase Management System(Software):
	* RDBMS : 관계형DBMS, 표형식으로 만들어진 DBMS
		* Oracle, MySQL, MariaDB, MS-SQL
	* NoSQL : MogoDB
* SQL(Structed Qeury Language): 구조화된 질의 언어
{: .notice}

* 시스템 예약어: 시스템에서 미리 정해(선점)놓은 단어로 사용자가 임의로 사용해서는 안된다. 대/소문자를 구분하지 않는다.
* 사용자 정의어: 사용자가 임의로 사용할 수 있는 단어이다. 대/소문자를 구분한다.(대문자,소문자,숫자,_)
* 시스템 예약어는 주로 대문자로 표기할 것입니다.
* 절대 생략하거나 띄어쓰면 안됩니다.
* 사용자 정의어는 소문자(대문자)로 표기하며, 오타를 내거나
* 생략해도 그대로 적용된다.
{: .notice}

---
### SQL(Structed Qeury Language)
---

* DataBase(데이터베이스)
	* CREATE DATABASE [DB명]: 'DB명'으로 데이터베이스 생성
	* DROP DATABASE [DB명]: 'DB명'인 데이터베이스 제거
	* SHOW DATABASES: 데이터베이스의 목록 확인
	* USE [DB명]: 작업할 데이터베이스를 선택
{: .notice}
* Table(테이블)
	* CREATE TABLE [Table명] (필드명1  데이터형 [옵션], ...):
		* 'Table명'으로 테이블 생성, 필드명1을 데이터형으로 지정
	* DROP TABLE [Table명]: 'Table명'인 테이블 제거
	* SHOW TABLES: 테이블의 목록 확인
	* EXPLAIN [Table명]: 테이블의 구조 확인
{: .notice}
* ALTER TABLE [Table명] MODIFY 필드명 데이터형 [옵션]
	*  테이블의 특정 필드의 자료형, 옵션을 수정
* ALTER TABLE [Table명] CHANGE old필드명 new필드명 데이터형 [옵션]
	*  테이블의 특정 필드의 이름을 수정, 자료형, 옵션을 수정
* ALTER TABLE [Table명] ADD 필드명 데이터형 [옵션] [AFTER 필드명]
	*  테이블에 새로운 필드를 추가
* ALTER TABLE [Table명] DROP 필드명
	*  테이블에서 필드를 제거
{: .notice}
* Record(Tuple)
* INSERT INTO [Table명] VALUES (값1, 값2, ...)
	* 'Table명'에 Record(데이터들)를 삽입한다.
	* 반드시 필드수와 값의 수가 일치해야한다.
* INSERT INTO [Table명] (필드1, 필드2) VALUES (값1, 값2)
	* 'Table명'에 Record(데이터들)를 삽입한다.
	* 특정 필드에만 값들을 삽입한다.
	* 조건. 나열된 필드는 반드시 NOT NULL 필드 모두를 포함
{: .notice}
* 조회(SELECT)
	* SELECT 필드명1, 필드명2 FROM [Table명]
* 'Table명'의 모드 레코드를 출력하고, 필드1, 필드2만 출력하라.
* SELECT 필드명1, 필드명2 FROM [Table명] WHERE 조건(필드, 값)
	* 'Table명'에서 조건을 만족하는 레코드를 출력하고, 필드1, 필드2만 출력하라.
* SELECT * FROM [Table명] WHERE 조건(필드, 값)
	* 'Table명'에서 조건을 만족하는 레코드를 출력하고, 모든 필드들을 출력하라.
* SELECT * FROM [Table명] WHERE 조건1 AND 조건2
	* 'Table명'에서 조건1과 조건2를 모두 만족하는 레코드를 출력하고, 모든 필드들을 출력하라.
* SELECT * FROM [Table명] WHERE 조건1 OR 조건2
	* 'Table명'에서 조건1이나 조건2을 1개상을 만족하는 레코드를 출력하고, 모든 필드들을 출력하라.
{: .notice}
* SELECT 필드명1 FROM [Table명] GROUP BY 값
* 같은 '값'을 공유하는 레코드들 끼리 그룹핑을 하여 출력할 수 있다. 보통 회원의 전체 구매내역이나 월별 매출내역을 통계낼 때 주로 사용한다.
{: .notice}