---
title: "LINUX: 웹 게시판 만들기 및 가상호스팅"
last_modified_at: 2020-06-09T20:20:02-05:00
categories:
  - LINUX
tags:
  - vhosts
toc: true 
toc_label: "Table of Contents"
toc_icon: "cog"
toc_sticky: true 
author_profile: true 
read_time: false 
---

[root@ns2 ~]# cd /var/www/html
[root@ns2 html]#
[root@ns2 html]# ls -lh
합계 0
Xe 들을 받아서 압축을 푼다
[root@ns2 html]# wget ftp://192.168.0.50/source/bbs/* --quiet
[root@ns2 html]# ls -lh
합계 57M
-rw-r--r--. 1 root root 7.2M  6월  5  2020 gnuboard5.4.1.tar.gz
-rw-r--r--. 1 root root 7.3M  6월  4  2020 gnuboard5.4.2.3.tar.gz
-rw-r--r--. 1 root root 8.9M  6월  5  2020 wordpress-4.9.6-ko_KR.tar.gz
-rw-r--r--. 1 root root  12M  6월  4  2020 wordpress-5.2.4-ko_KR.tar.gz
-rw-r--r--. 1 root root  11M  6월  4  2020 xe-1.11.6.zip
-rw-r--r--. 1 root root  12M  6월  4  2020 xe-1.8.27.zip
[root@ns2 html]# unzip xe-1.8.27.zip
[root@ns2 html]# mv xe xe8
[root@ns2 html]# unzip xe-1.11.6.zip
[root@ns2 html]# mv xe xe11


[root@ns2 html]# rpm -qa | grep "httpd\|php"
httpd-2.4.37-16.module_el8.1.0+256+ae790463.x86_64
httpd-filesystem-2.4.37-16.module_el8.1.0+256+ae790463.noarch
httpd-manual-2.4.37-16.module_el8.1.0+256+ae790463.noarch
centos-logos-httpd-80.5-2.el8.noarch
httpd-tools-2.4.37-16.module_el8.1.0+256+ae790463.x86_64

[root@ns2 html]# yum install -y -q php php-mysqlnd php-pdo php-gd

[root@ns2 html]# rpm -qa | grep "php"
php-mysqlnd-7.2.11-2.module_el8.1.0+209+03b9a8ff.x86_64
php-common-7.2.11-2.module_el8.1.0+209+03b9a8ff.x86_64
php-fpm-7.2.11-2.module_el8.1.0+209+03b9a8ff.x86_64
php-cli-7.2.11-2.module_el8.1.0+209+03b9a8ff.x86_64
php-7.2.11-2.module_el8.1.0+209+03b9a8ff.x86_64
php-pdo-7.2.11-2.module_el8.1.0+209+03b9a8ff.x86_64
php-gd-7.2.11-2.module_el8.1.0+209+03b9a8ff.x86_64
[root@ns2 html]#

[root@ns2 html]# service httpd restart
Redirecting to /bin/systemctl restart httpd.service
[root@ns2 html]# firewall-cmd --add-port=80/tcp
Success



[root@ns2 html]# chown -R apache:apache xe8 xe11
[root@ns2 html]# chmod 707 xe8 xe11
[root@ns2 html]# ls -lh
합계 57M
-rw-r--r--.  1 root   root   7.2M  6월  5  2020 gnuboard5.4.1.tar.gz
-rw-r--r--.  1 root   root   7.3M  6월  4  2020 gnuboard5.4.2.3.tar.gz
-rw-r--r--.  1 root   root   8.9M  6월  5  2020 wordpress-4.9.6-ko_KR.tar.gz
-rw-r--r--.  1 root   root    12M  6월  4  2020 wordpress-5.2.4-ko_KR.tar.gz
-rw-r--r--.  1 root   root    11M  6월  4  2020 xe-1.11.6.zip
-rw-r--r--.  1 root   root    12M  6월  4  2020 xe-1.8.27.zip
drwx---rwx. 13 apache apache 4.0K 10월 22  2019 xe11
drwx---rwx. 13 apache apache 4.0K 10월 28  2016 xe8
[root@ns2 html]#


[root@ns2 html]# ls -Zd xe11 xe8
unconfined_u:object_r:httpd_sys_content_t:s0 xe11  unconfined_u:object_r:httpd_sys_content_t:s0 xe8
[root@ns2 html]#

웹브라우저에서
http://192.168.0.164/xe8 
http://192.168.0.164/xe11 시도해보자
안된다.

[root@ns2 html]# yum install -y -q php-xml 까니까 된다.

다음에 퍼미션이 막혔다 (혼자 찾아봄)

[root@ns2 xe11]# cat /etc/sysconfig/selinux

# This file controls the state of SELinux on the system.
# SELINUX= can take one of these three values:
#     enforcing - SELinux security policy is enforced.
#     permissive - SELinux prints warnings instead of enforcing.
#     disabled - No SELinux policy is loaded.
SELINUX=enforcing
# SELINUXTYPE= can take one of these three values:
#     targeted - Targeted processes are protected,
#     minimum - Modification of targeted policy. Only selected processes are protected.
#     mls - Multi Level Security protection.
SELINUXTYPE=targeted

[root@ns2 xe11]# setenforce 0  으로 setenforce를 꺼줬다

몇 년 지난 글이긴 한데, SELinux 깜빡한 것 생각나서 감사합니다.
참고로 위 해결책은 편법이고, 정석은 아래입니다.

chcon -t httpd_sys_rw_content_t <target>

출처: https://sosal.kr/834 [so_sal　]

출처: https://sosal.kr/834 [so_sal　]

일단 혹시 모르니 다시 원상 복구 해놓자
선생님도 같은 말씀을 하시는군 !

강제기반:
역할기반: SELINUX


[root@ns2 html]# ls -dZ xe11
unconfined_u:object_r:httpd_sys_content_t:s0 xe11
[root@ns2 html]#   권한정보:역할정보:타입정보: … 순으로 볼 수 있다
[root@ns2 html]# chcon -t httpd_sys_rw_content_t xe11


[root@ns2 html]# systemctl enable named.service
[root@ns2 html]# systemctl enable httpd.service
Created symlink /etc/systemd/system/multi-user.target.wants/httpd.service → /usr/lib/systemd/system/httpd.service.
[root@ns2 html]#


  401  firewall-cmd --add-port=53/udp --permanent
  402  firewall-cmd --add-port=53/tdp --permanent
  403  firewall-cmd --add-port=53/tcp --permanent
  404  firewall-cmd --add-port=80/tcp --permanent
  405  firewll-cmd --reload

새로 창 띄워서 
[root@ns2 ~]# systemctl start mysqld.service
[root@ns2 ~]# systemctl enable mysqld.service

[root@ns2 ~]# mysql -u root -p1234
 

DB를 생성한다
MariaDB [(none)]> CREATE USER 'xeuser'@'localhost' IDENTIFIED BY '1234';
Query OK, 0 rows affected (0.012 sec)
MariaDB [(none)]> CREATE DATABASE xeDB;
Query OK, 1 row affected (0.010 sec)
MariaDB [(none)]> GRANT ALL PRIVILEGES ON xeDB.* TO 'xeuser'@'localhost';
Query OK, 0 rows affected (0.011 sec)

416  chcon -R -t httpd_sys_rw_content_t xe11
나는 안되서 한번 더 해줬다
  417  cd /var/www/html
  418  clear
419  tar zxf wordpress-5.2.4-ko_KR.tar.gz

[root@ns2 html]# chown -R apache:apache wordpress
[root@ns2 html]# chmod 707 wordpress
[root@ns2 html]#
[root@ns2 html]# ls -lh
자 이제 회원가입도 하고 게시글도 써보자 !
비밀번호: P@ssw0rd

어느틈에 녹음을 놓쳐버렸다

MariaDB [(none)]> CREATE USER 'xeuser'@'localhost' IDENTIFIED BY '1234';
Query OK, 0 rows affected (0.012 sec)

MariaDB [(none)]> CREATE DATABASE xeDB;
Query OK, 1 row affected (0.010 sec)

MariaDB [(none)]> GRANT ALL PRIVILEGES ON xeDB.* TO 'exuser'@'localhost';
ERROR 1133 (28000): Can't find any matching row in the user table
MariaDB [(none)]> GRANT ALL PRIVILEGES ON xeDB.* TO 'xeuser'@'localhost';
Query OK, 0 rows affected (0.011 sec)

MariaDB [(none)]> CREATE USER 'wpuser'@'localhost' IDENTIFIED BY '1234';
Query OK, 0 rows affected (0.010 sec)

MariaDB [(none)]> CREATE DATABASE wpDB;
Query OK, 1 row affected (0.000 sec)

MariaDB [(none)]> GRANT ALL ON wpDB.* TO 'wpuser'@'localhost' IDENTIFIED BY '1234';
Query OK, 0 rows affected (0.010 sec)

MariaDB [(none)]>

http://192.168.0.164/wordpress  접속해서 
DB 정보 그대로 입력하고 
주소도 127.0.0.1 로 입력하면 진행 잘된다.


 

 
블로그에 글을 작성해 봅시다
 

이제 그누 보드를 사용해보자 

 

[root@ns2 html]# mkdir gnu
[root@ns2 html]# cp gnuboard5.4.2.3.tar.gz gnu
[root@ns2 html]# tar zxf gnuboard5.4.2.3.tar.gz



[root@ns2 gnu]# mkdir data
[root@ns2 gnu]# chmod 707 data
[root@ns2 gnu]# pwd
/var/www/html/gnu
[root@ns2 gnu]# chown -R apache:apache .

이제 설치화면에서 다음으로 넘어가면 된다.
MariaDB [(none)]> CREATE USER 'gnuuser'@'localhost' IDENTIFIED BY '1234';
Query OK, 0 rows affected (0.015 sec)

MariaDB [(none)]> CREATE DATABASE gnuDB;
Query OK, 1 row affected (0.000 sec)

MariaDB [(none)]> GRANT ALL ON gnuDB.* TO 'gnuuser'@'localhost';
Query OK, 0 rows affected (0.010 sec)

 

 

CentOS http pdf 파일 보는중
http://192.168.0.164/~user1 쳐보면 없다고 뜰 것 이다 user1 이라는 계정이 없어서다.
그리고 UserDir 이 disable 되어있다.
이것을 바꾸자
Vi /etc/httpd/conf.d/userdir.conf
UserDir disabled 를 UserDir public_html
/home/user1/public_html 파일이 존재해야하고 그안에 index.html 도 있어야한다.


[root@ns2 gnu]# useradd user1
[root@ns2 gnu]# passwd user1
[root@ns2 gnu]# su - user1
[user1@ns2 ~]$ ls -lh
합계 0
[user1@ns2 ~]$ mkdir public_html
[user1@ns2 ~]$ cd public_html
[user1@ns2 ~]$ cat > index.html
<html>
        <body>
                유저1의 홈페이지 입니다.
        </body>
</html>
[user1@ns2 ~]$

[user1@ns2 ~]$ ls -lh
합계 4.0K
drwxrwxr-x. 2 user1 user1 4.0K  5월 20 00:01 public_html
http://192.168.0.164/~user1 치면 들어가져야하는데 안들어가진다~
그 이유는
/ - a – b – c 
c에다가 777권한을 줬다고 하자
b는 770 이라고 가정하면 b권한이 없어서 c에도 접근이 불가능하다
윈도우에서는 상속개념이 있어서 하위에 접근을 할 수 있도록 한다.

B에 x 권한을 줘야 접근 할 수 있다.

[user1@ns2 ~]$ chmod o+x ~
[user1@ns2 ~]$ ls -lhd
 
하지만 계정을 새로 만들 때 마다 이 과정을 반복하기에는 부담스럽다.
vi /etc/login.defs  umask 설정
UMASK           076
[root@ns2 gnu]# vi /etc/login.defs
[root@ns2 gnu]# useradd user3
[root@ns2 gnu]# ls -lh /home
합계 16K
drwx------. 15 kjy   kjy   4.0K  5월 14 14:43 kjy
drwx-----x.  4 user1 user1 4.0K  5월 20 00:09 user1
drwx------.  3 user2 user2 4.0K  5월 20 00:10 user2
drwx-----x.  3 user3 user3 4.0K  5월 20 00:12 user3
[root@ns2 gnu]#

[root@ns2 gnu]# cd /etc/skel/
[root@ns2 skel]# mkdir -m 707 public_html
[root@ns2 skel]# cd public_html/
[root@ns2 public_html]# touch index.html
[root@ns2 public_html]# vi index.html
[root@ns2 public_html]# useradd user4

========================================================



어제 아파치 웹서버를 했었다 ~
RPM
설정 /etc/httpd/conf/httpd.conf
부설정 /etc/httpd/conf.d/userdir.conf
			   Ssl.conf
			   Vhosts.conf
웹문서 /var/www/html
노트확인

[root@ns2 ~]# cd /usr/local/apache2/
[root@ns2 apache2]#
[root@ns2 apache2]# pwd
/usr/local/apache2
[root@ns2 apache2]# ls
bin    cgi-bin  error   icons    logs  manual
build  conf     htdocs  include  man   modules
[root@ns2 apache2]# cd conf/
[root@ns2 conf]# ls -lh
합계 104K
drwxr-xr-x. 2 root root 4.0K  5월 26 20:46 extra
-rw-r--r--. 1 root root  19K  5월 26 20:46 httpd.conf
-rw-r--r--. 1 root root  13K  5월 26 20:46 magic
-rw-r--r--. 1 root root  60K  5월 26 20:46 mime.types
drwxr-xr-x. 3 root root 4.0K  5월 26 20:46 original
[root@ns2 conf]#


기본설정을 해보자
31 ServerRoot "/usr/local/apache2" 기본 폴더
51 #Listen 12.34.56.78:80 특정 IP
52 Listen 80 모든 IP 또는
53 Listen 0.0.0.0:80로 써도 된다

사용할 모듈들이 모여있다 이중에 필요한 것만 주석제거
63 # Example:
     64 # LoadModule foo_module modules/mod_foo.so

    182 User daemon
    183 Group daemon

204 ServerAdmin root@kjy.co.ki
 메일 계정 
213 ServerName www.kjy.co.ki:80 서버명 
237 DocumentRoot "/usr/local/apache2/htdocs" 루트디렉토리
[root@ns2 conf]# ls -lh extra/ 사용자 설정 파일이 모여있다.

[root@ns2 conf]# cat extra/httpd-userdir.conf
UserDir public_html
<Directory "/home/*/public_html">	
    AllowOverride FileInfo AuthConfig Limit Indexes
    Options MultiViews Indexes SymLinksIfOwnerMatch IncludesNoExec
    Require method GET POST OPTIONS
</Directory>

[root@ns2 conf]# cat httpd.conf |grep "mod_authz_core"
LoadModule authz_core_module modules/mod_authz_core.so
[root@ns2 conf]# cat httpd.conf |grep "mod_authz_host"
LoadModule authz_host_module modules/mod_authz_host.so
[root@ns2 conf]# cat httpd.conf |grep "mod_userdir"
#LoadModule userdir_module modules/mod_userdir.so
[root@ns2 conf]#

검색되는 3가지 값을 모두 활성화 해주자 (주석을 제거한다)
[root@ns2 conf]# grep -n "mod_authz_core\|mod_authz_host\|mod_userdir" httpd.conf
72:LoadModule authz_host_module modules/mod_authz_host.so
78:LoadModule authz_core_module modules/mod_authz_core.so
169:#LoadModule userdir_module modules/mod_userdir.so
[root@ns2 conf]#


[root@ns2 conf]# cd /etc/skel
[root@ns2 skel]# mkdir -m 707 public_html
[root@ns2 skel]#


[root@ns2 skel]# vi /etc/login.defs
[root@ns2 skel]#
UMASK           066


[root@ns2 skel]# useradd user1
p[root@ns2 skel]# passwd user1
user1 사용자의 비밀 번호 변경 중
새  암호:
잘못된 암호: 암호는 8 개의 문자 보다 짧습니다
새  암호 재입력:
passwd: 모든 인증 토큰이 성공적으로 업데이트 되었습니다.
[root@ns2 skel]# useradd user2
[root@ns2 skel]# passwd
root 사용자의 비밀 번호 변경 중
새  암호:
[root@ns2 skel]# passwd user2
user2 사용자의 비밀 번호 변경 중
새  암호:
잘못된 암호: 암호는 8 개의 문자 보다 짧습니다
새  암호 재입력:
passwd: 모든 인증 토큰이 성공적으로 업데이트 되었습니다.
[root@ns2 skel]#
[root@ns2 skel]#
[root@ns2 skel]# ls -lh /home
합계 12K
drwx------. 15 kjy   kjy   4.0K  5월 14 14:43 kjy
drwx--x--x.  4 user1 user1 4.0K  5월 26 21:21 user1
drwx--x--x.  4 user2 user2 4.0K  5월 26 21:21 user2


[root@ns2 skel]# su - user1
[user1@ns2 ~]$ cd public_html/
[user1@ns2 public_html]$ cat > index.html
<html>
        <body>
                User1's Home Page
        </body>
</html>

[user2@ns2 public_html]$ cat index.html
<html>
        <body>
                User2's Home Page
        </body>
</html>
[user2@ns2 public_html]$

루트 계정으로 돌아와서
[root@ns2 skel]# getsebool -a | grep httpd | grep home
httpd_enable_homedirs --> off
[root@ns2 skel]# setsebool -P httpd_enable_homedirs on
[root@ns2 skel]# getsebool -a | grep httpd | grep home
httpd_enable_homedirs --> on
[root@ns2 skel]#


Conf 파일을 활성화를 해줘야 한다 ~

[root@ns2 skel]# vi /usr/local/apache2/conf/httpd.conf
[root@ns2 skel]# grep -ni "userdir" /usr/local/apache2/conf/httpd.conf
169:LoadModule userdir_module modules/mod_userdir.so
490:#Include conf/extra/httpd-userdir.conf
[root@ns2 skel]#
[root@ns2 skel]#
[root@ns2 skel]# vi /usr/local/apache2/conf/httpd.conf
[root@ns2 skel]# grep -ni "userdir" /usr/local/apache2/conf/httpd.conf
169:LoadModule userdir_module modules/mod_userdir.so
490:Include conf/extra/httpd-userdir.conf
[root@ns2 skel]#


[root@ns2 skel]# service httpd restart
Restarting httpd (via systemctl):                          [  OK  ]
[root@ns2 skel]#



1 사용자 홈디렉토리 웹서비스에 필요한 모듈 확인
#grep “module” /usr/local/apache2/conf/extra/httpd-userdir.conf
결과
# Required module: mod_authz_core, mod_authz_host, mod_userdir

2 확인된 모듈이 활성화 되었는가 확인하고, 주석처리된 모듈을 활성화(주석제거)
#include conf/extra/httpd-userdir.conf의 주석제거
#grep “mod_authz_core\| mod_authz_host\| mod_userdir” /usr/local/apache2/conf/httpd.conf

3. httpd(데몬) 재구동, 방화벽 개방
#systemctl start httpd.service
#firewall-cmd –add-port=80/tcp
#firewall-cmd –add-service=http

4.SeLinux가 강제로 동작할 경우
#setsebool -P httpd_enable_homedirs on

http://192.168.0.164/~user1/ 와 http://192.168.0.164/~user2/ 접속시 
만들어둔 index.html 화면이 잘 뜬다.


 


일단 개인이 다시 구축? 할것이다
Dig 명령어로 자신의 주소를 조회해봐라
[root@ns2 skel]# dig www.kjy.com +short
192.168.0.164
[root@ns2 skel]# dig www.kjy.org +short
192.168.0.164
[root@ns2 skel]# dig www.kjy.net +short
192.168.0.164

시간 02:28:03

가상호스팅 구축

[root@ns2 etc]# cd /usr/local/apache2/conf

[root@ns2 conf]# grep "module" extra/httpd-vhosts.conf
# Required modules: mod_log_config

[root@ns2 conf]# grep -n "mod_log_config" httpd.conf
115:LoadModule log_config_module modules/mod_log_config.so

[root@ns2 conf]# grep -n "httpd-vhosts.conf" httpd.conf
496:#Include conf/extra/httpd-vhosts.conf
//주석제거해주자

[root@ns2 conf]# grep -n "httpd-vhosts.conf" httpd.conf
496:Include conf/extra/httpd-vhosts.conf

[root@ns2 conf]# vi  extra/httpd-vhosts.conf
23행부터 38행 까지 지우기 

[root@ns2 conf]# vi  extra/httpd-vhosts.conf

[root@ns2 conf]# service httpd restart
Restarting httpd (via systemctl):                          [  OK  ]
[root@ns2 conf]#

[root@ns2 conf]# cat  extra/httpd-vhosts.conf
# Virtual Hosts
#
# Required modules: mod_log_config

# If you want to maintain multiple domains/hostnames on your
# machine you can setup VirtualHost containers for them. Most configurations
# use only name-based virtual hosts so the server doesn't need to worry about
# IP addresses. This is indicated by the asterisks in the directives below.
#
# Please see the documentation at
# <URL:http://httpd.apache.org/docs/2.4/vhosts/>
# for further details before you try to setup virtual hosts.
#
# You may use the command line option '-S' to verify your virtual host
# configuration.

#
# VirtualHost example:
# Almost any Apache directive may go into a VirtualHost container.
# The first VirtualHost section is used for all requests that do not
# match a ServerName or ServerAlias in any <VirtualHost> block.
#

<VirtualHost 192.168.0.164:80>
        ServerName www.kjy.com
        DocumentRoot /usr/local/apache2/kjy.com
</VirtualHost>

[root@ns2 conf]# cd ..
[root@ns2 apache2]# mkdir -m 707 kjy.com
[root@ns2 apache2]# cd kjy.com/
[root@ns2 kjy.com]# cat > index.html
<html>
        <body>
                kjy.com Home Page
        </body>
</html>
[root@ns2 kjy.com]#

다음에 fire fox를 켜서 테스트 해보자
아직은 퍼미션 에러 
#vi conf/httpd.conf
220 <Directory />
    221     AllowOverride none
    222     Require all denied
    223 </Directory>



[root@ns2 apache2]# vi conf/extra/httpd-vhosts.conf
아래 내용을 추가해준다

<VirtualHost *:80>
        ServerName www.kjy.co.ki
</VirtualHost>

<VirtualHost 192.168.0.164:80>
        ServerName www.kjy.com
        DocumentRoot /usr/local/apache2/kjy.com
</VirtualHost>
<VirtualHost 192.168.0.164:80>
        ServerName www.kjy.net
        DocumentRoot /usr/local/apache2/kjy.net
</VirtualHost>
<VirtualHost 192.168.0.164:80>
        ServerName www.kjy.org
        DocumentRoot /usr/local/apache2/kjy.org
</VirtualHost>  

 
그렇다면 혼자서 .net 도 동작하도록 해봐라
간단하다

[root@ns2 apache2]# mkdir -m 707 kjy.net
[root@ns2 apache2]# cd kjy.net/
[root@ns2 kjy.net]# cat > index.html
<html>
        <body>
                kjy.net Home Page
        </body>
</html>

[root@ns2 apache2]# vi conf/extra/httpd-vhosts.conf
[root@ns2 apache2]# service httpd restart
Restarting httpd (via systemctl):                          [  OK  ]

Org도 마찬가지다 

[root@ns2 apache2]# mkdir -m 707 kjy.org
[root@ns2 apache2]# cd kjy.org/
[root@ns2 kjy.net]# cat > index.html
<html>
        <body>
                kjy.org Home Page
        </body>
</html>

[root@ns2 apache2]# vi conf/extra/httpd-vhosts.conf
[root@ns2 apache2]# service httpd restart
Restarting httpd (via systemctl):                          [  OK  ]

====================================
웹 게시판 돌리는 문제 낼거다
시간 00:49:41

www.xxx.com  /usr/local/apache2/www.xxx.com
 xpressengine
www.xxx.net /usr/local/apache2/www.xxx.net
 wordpress
www.xxx.org /usr/local/apache2/www.xxx.org
gnuboard


[root@ns2 conf]# vi +496 httpd.conf   주석처리 된것 주석 지우기

[root@ns2 conf]# vi extra/httpd-vhosts.conf

<VirtualHost *:80>
        ServerName www.kjy.co.ki
</VirtualHost>

<VirtualHost 192.168.0.150:80>
        ServerName www.kjy.com
        DocumentRoot /usr/local/apache2/www.kjy.com
</VirtualHost>
<VirtualHost 192.168.0.150:80>
        ServerName www.kjy.net
        DocumentRoot /usr/local/apache2/www.kjy.net
</VirtualHost>
<VirtualHost 192.168.0.150:80>
        ServerName www.kjy.org
        DocumentRoot /usr/local/apache2/www.kjy.org


디렉 토리를 생성하자 

[root@ns2 apache2]# mkdir www.kjy.com www.kjy.net www.kjy.org
[root@ns2 apache2]# chmod 707 www.*
[root@ns2 apache2]# ls -lhd
drwxr-xr-x. 17 root root 4.0K  5월 26 21:14 .
[root@ns2 apache2]# ls -lhd www.*
drwx---rwx. 2 root root 4.0K  5월 26 21:14 www.kjy.com
drwx---rwx. 2 root root 4.0K  5월 26 21:14 www.kjy.net
drwx---rwx. 2 root root 4.0K  5월 26 21:14 www.kjy.org
[root@ns2 apache2]#

Html  각각 간단하게 만들자

권한 때문에 동작 안될거임 



Conf 아래에 httpd.conf 222행
아래와 같이 수정
<Directory />
    AllowOverride All
    Require all granted
</Directory>


[root@ns2 apache2]# cd /usr/local/apache2/htdocs/

[root@ns2 htdocs]#
[root@ns2 htdocs]# rm -f index.html
[root@ns2 htdocs]# cat > index.php
<?php phpinfo(); ?>
[root@ns2 htdocs]# service httpd restart
Restarting httpd (via systemctl):                          [  OK  ]
[root@ns2 htdocs]#
[root@ns2 htdocs]#

[root@ns2 htdocs]#
[root@ns2 htdocs]# cat > index.html
<html>
        <body>
                It's works
        </body>
</html>
[root@ns2 htdocs]#


[root@ns2 htdocs]# vi /usr/local/apache2/conf/extra/httpd-vhosts.conf

<VirtualHost *:80>
        ServerName www.kjy.co.ki
        DocumentRoot "/usr/local/apache2/htdocs"
</VirtualHost>



<VirtualHost *:80>
        ServerName www.kjy.co.ki
        DocumentRoot "/usr/local/apache2/htdocs"
</VirtualHost>

<VirtualHost *:80>
        ServerName www.kjy.com
        DocumentRoot /usr/local/apache2/www.kjy.com
</VirtualHost>
<VirtualHost *:80>
        ServerName www.kjy.net
        DocumentRoot /usr/local/apache2/www.kjy.net
</VirtualHost>
<VirtualHost *:80>
        ServerName www.kjy.org
        DocumentRoot /usr/local/apache2/www.kjy.org
</VirtualHost>

[root@ns2 htdocs]# rm -f  index.html
다시 삭제하고 새로고침 하자 그러면 index가 보인다

[root@ns2 htdocs]# cd /usr/local/src/
[root@ns2 src]# wget ftp://192.168.0.41/source/php/* --quiet
[root@ns2 src]# ls -lh
합계 102M
drwxr-sr-x. 12 root     40 4.0K  5월 26 20:47 httpd-2.4.43
-rw-r--r--.  1 root root   9.0M  3월 30 23:21 httpd-2.4.43.tar.gz
drwxrwxr-x. 34 1001 mysqld 4.0K  5월 26 19:53 mariadb-10.4.13
-rw-r--r--.  1 root root    77M  6월  2  2020 mariadb-10.4.13.tar.gz
-rw-r--r--.  1 root root    16M  6월 10  2020 php-7.4.6.tar.gz
[root@ns2 src]#
[root@ns2 src]# tar zxf php-7.4.6.tar.gz
[root@ns2 src]# cd php-7.4.6/
[root@ns2 php-7.4.6]#

아래와 같이 그대로 타이핑 할 것
./configure --with-apxs2=/usr/local/apache2/bin/apxs \
--with-config-file-path=/usr/local/apache2/conf \
--with-gd=shared \
--with-openssl \
--with-zlib \
--with-iconv

에러 메시지
Package 'sqlite3', required by 'virtual:world', not found


[root@ns2 php-7.4.6]# vi /etc/resolv.conf
# Generated by NetworkManager
search kjy.co.ki
#nameserver 192.168.0.150
#nameserver 192.168.0.100
nameserver 168.126.63.1

[root@ns2 php-7.4.6]# yum list sqlite*
[root@ns2 php-7.4.6]# yum install sqlite-devel

출력물 p607

./configure --with-apxs2=/usr/local/apache2/bin/apxs \
--with-config-file-path=/usr/local/apache2/conf \
--with-gd=shared \
--with-openssl \
--with-zlib \
--with-iconv
--with-mysqli
한번더 해주고 
Make
Make install 까지 하자
파일 복사
[root@ns2 php-7.4.6]# cp php.ini-production /usr/local/apache2/conf/php.ini
[root@ns2 php-7.4.6]#
[root@ns2 php-7.4.6]# cd  /usr/local/apache2
확인해보자


[root@ns2 apache2]# ls -lh /usr/local/apache2/conf/php.ini
-rw-r--r--. 1 root root 71K  5월 26 22:29 /usr/local/apache2/conf/php.ini

[root@ns2 apache2]# ls -lh /usr/local/apache2/modules/libphp7.so
-rwxr-xr-x. 1 root root 39M  5월 26 22:15 /usr/local/apache2/modules/libphp7.so


[root@ns2 apache2]# grep php conf/httpd.conf
LoadModule php7_module        modules/libphp7.so
[root@ns2 apache2]#


[root@ns2 apache2]# vi conf/httpd.conf
    408     AddType application/x-compress .Z
    409     AddType application/x-gzip .gz .tgz
아래에 추가
410     AddType application/x-httpd-php .php
[root@ns2 apache2]# service httpd restart
Restarting httpd (via systemctl):                          [  OK  ]

웹에 
http://192.168.0.164/index.php 쳐보자
그런데 index.php 없이 나와야한다

httpd
271 <IfModule dir_module>
    272     DirectoryIndex index.php (원래는 html인거를 php로 바꾸자)
    273 </IfModule>


