---
title: "Database: 데이터 사전"
last_modified_at: 2020-09-26T00:11:02-05:00
categories:
  - Database
tags:
  - Database
toc: true 
toc_label: "Table of Contents"
toc_icon: "cog"
toc_sticky: true 
author_profile: true 
read_time: false 
---

---
### 데이터 사전
---

```
[root@ns2 ~]# wget ftp://192.168.0.5/sql/shopping_db.sql --quiet
[root@ns2 ~]# mysql -u root -p1234 < shopping_db.sql
[root@ns2 ~]# mysql -u root -p1234

MariaDB [(none)]> SHOW DATABASES;
+--------------------+
| Database           |
+--------------------+
| information_schema |
| mysql              |
| performance_schema |
| shopping_db        |
| test               |
+--------------------+
```

**데이터 사전 개념**  
데이터베이스의 데이터를 제외한 모든 정보가 있다. 데이터 사전의 내용을 변경하는 권한은 시스템이 가지며, 사용자에게는 읽기 전용 테이블 형태로 제공되므로 단순 조회만 가능하다. 데이터를 제외한(데이터를 구성하는) 모든 정보라는 것은 데이터의 데이터를 의미한다. 따라서 데이터 사전은 메타데이터(Meta data)로 구성되어 있다고 할 수 있다.  
{: .notice}
**데이터 사전 내용 데이터 사전 안에 존재하는 메타데이터의 유형**  
사용자 정보(아이디, 패스워드 및 권한 등)  
데이터베이스 객체 정보(테이블, 뷰, 인덱스 등)    
무결성 제약 정보   
함수, 프로시저 및 트리거 등 데이터 사전 내용이 메타데이터라는 것은 모든 DBMS 제품에 공통이지만 데이터 사전을 구 현하는 방법, 관리하는 방법 등의 차이로 메타데이터의 구체적인 내용은 제품마다 다르다.  
{: .notice}

**데이터 사전 용도**  
사용자에게 데이터 사전은 단순 조회의 대상일 뿐이다. 하지만 데이터베이스 엔진을 이루는 컴파일러, 옵티마이저 등과 같은 구성 요소에 데이터 사전은 작업을 수행하는 데 필요 한 참조 정보일 뿐만 아니라 작업의 대상이기도 하다.
{: .notice}

**데이터 검색 방법**  
MS-SQL에서 데이터 사전 검색 데이터 사전은 테이블 형태로 구성되어 있다. 따라서 테이블의 내용을 검색하기 위해서는 해당 테이블의 위치와 이름을 정확히 알고 있어야 한다. 여기서 위치는 데이터베이스를 의미한다. M*-SQL에서 데이터 사전은 Information_schema라는 데이터베이스 안에 존재한다. 따라서 이 안의 테이블을 조회하기 위해서는, 우선 해당 데이터베이스로 이동해서 테이블 목록을 요청해야 한다.  
use Information_schema;->이동  
show tables;->테이블 목록 보기 테이블 목록으로 데이터 사전을 구성하는 테이블이름을 확인하고, SELECT 문을 통해 해 당 테이블의 내용을 조회할 수 있다  
{: .notice}

```
MariaDB [(none)]> USE information_schema;
Reading table information for completion of table and column names
You can turn off this feature to get a quicker startup with -A

MariaDB [information_schema]> SHOW TABLES;
+---------------------------------------+
| Tables_in_information_schema          |
+---------------------------------------+
| ALL_PLUGINS                           |
| APPLICABLE_ROLES                      |
| CHARACTER_SETS                        |
| CHECK_CONSTRAINTS                     |
| COLLATIONS                            |
| COLLATION_CHARACTER_SET_APPLICABILITY |
| COLUMNS                               |
| COLUMN_PRIVILEGES                     |
| ENABLED_ROLES                         |
| ENGINES                               |
| EVENTS                                |
| FILES                                 |
| GLOBAL_STATUS                         |
| GLOBAL_VARIABLES                      |
| KEY_CACHES                            |
| KEY_COLUMN_USAGE                      |
| OPTIMIZER_TRACE                       |
| PARAMETERS                            |
| PARTITIONS                            |
| PLUGINS                               |
| PROCESSLIST                           |
| PROFILING                             |
| REFERENTIAL_CONSTRAINTS               |
| ROUTINES                              |
| SCHEMATA                              |
| SCHEMA_PRIVILEGES                     |
| SESSION_STATUS                        |
| SESSION_VARIABLES                     |
| STATISTICS                            |
| SYSTEM_VARIABLES                      |
| TABLES                                |
| TABLESPACES                           |
| TABLE_CONSTRAINTS                     |
| TABLE_PRIVILEGES                      |
| TRIGGERS                              |
| USER_PRIVILEGES                       |
| VIEWS                                 |
| GEOMETRY_COLUMNS                      |
| SPATIAL_REF_SYS                       |
| CLIENT_STATISTICS                     |
| INDEX_STATISTICS                      |
| INNODB_SYS_DATAFILES                  |
| USER_STATISTICS                       |
| INNODB_SYS_TABLESTATS                 |
| INNODB_LOCKS                          |
| INNODB_MUTEXES                        |
| INNODB_CMPMEM                         |
| INNODB_CMP_PER_INDEX                  |
| INNODB_CMP                            |
| INNODB_FT_DELETED                     |
| INNODB_CMP_RESET                      |
| INNODB_LOCK_WAITS                     |
| TABLE_STATISTICS                      |
| INNODB_TABLESPACES_ENCRYPTION         |
| INNODB_BUFFER_PAGE_LRU                |
| INNODB_SYS_FIELDS                     |
| INNODB_CMPMEM_RESET                   |
| INNODB_SYS_COLUMNS                    |
| INNODB_FT_INDEX_TABLE                 |
| INNODB_CMP_PER_INDEX_RESET            |
| user_variables                        |
| INNODB_FT_INDEX_CACHE                 |
| INNODB_SYS_FOREIGN_COLS               |
| INNODB_FT_BEING_DELETED               |
| INNODB_BUFFER_POOL_STATS              |
| INNODB_TRX                            |
| INNODB_SYS_FOREIGN                    |
| INNODB_SYS_TABLES                     |
| INNODB_FT_DEFAULT_STOPWORD            |
| INNODB_FT_CONFIG                      |
| INNODB_BUFFER_PAGE                    |
| INNODB_SYS_TABLESPACES                |
| INNODB_METRICS                        |
| INNODB_SYS_INDEXES                    |
| INNODB_SYS_VIRTUAL                    |
| INNODB_TABLESPACES_SCRUBBING          |
| INNODB_SYS_SEMAPHORE_WAITS            |
+---------------------------------------+

MariaDB [information_schema]> EXPLAIN CHARACTER_SETS;
+----------------------+-------------+------+-----+---------+-------+
| Field                | Type        | Null | Key | Default | Extra |
+----------------------+-------------+------+-----+---------+-------+
| CHARACTER_SET_NAME   | varchar(32) | NO   |     |         |       |
| DEFAULT_COLLATE_NAME | varchar(32) | NO   |     |         |       |
| DESCRIPTION          | varchar(60) | NO   |     |         |       |
| MAXLEN               | bigint(3)   | NO   |     | 0       |       |
+----------------------+-------------+------+-----+---------+-------+
4 rows in set (0.001 sec)

MariaDB [information_schema]> SELECT * FROM CHARACTER_SETS;
```

CHARACTER SET에 대한 전체 목록이 나타난다.
{: .notice}

```
+--------------------+----------------------+-----------------------------+--------+
| CHARACTER_SET_NAME | DEFAULT_COLLATE_NAME | DESCRIPTION                 | MAXLEN |
+--------------------+----------------------+-----------------------------+--------+
| big5               | big5_chinese_ci      | Big5 Traditional Chinese    |      2 |
| dec8               | dec8_swedish_ci      | DEC West European           |      1 |
| cp850              | cp850_general_ci     | DOS West European           |      1 |
| hp8                | hp8_english_ci       | HP West European            |      1 |
….
| utf8               | utf8_general_ci      | UTF-8 Unicode               |      3 |
```

```
MariaDB [information_schema]> EXPLAIN COLUMNS;
+--------------------------+---------------------+------+-----+---------+-------+
| Field                    | Type                | Null | Key | Default | Extra |
+--------------------------+---------------------+------+-----+---------+-------+
| TABLE_CATALOG            | varchar(512)        | NO   |     |         |       |
| TABLE_SCHEMA             | varchar(64)         | NO   |     |         |       |
| TABLE_NAME               | varchar(64)         | NO   |     |         |       |
| COLUMN_NAME              | varchar(64)         | NO   |     |         |       |
| ORDINAL_POSITION         | bigint(21) unsigned | NO   |     | 0       |       |
| COLUMN_DEFAULT           | longtext            | YES  |     | NULL    |       |
| IS_NULLABLE              | varchar(3)          | NO   |     |         |       |
| DATA_TYPE                | varchar(64)         | NO   |     |         |       |
| CHARACTER_MAXIMUM_LENGTH | bigint(21) unsigned | YES  |     | NULL    |       |
| CHARACTER_OCTET_LENGTH   | bigint(21) unsigned | YES  |     | NULL    |       |
| NUMERIC_PRECISION        | bigint(21) unsigned | YES  |     | NULL    |       |
| NUMERIC_SCALE            | bigint(21) unsigned | YES  |     | NULL    |       |
| DATETIME_PRECISION       | bigint(21) unsigned | YES  |     | NULL    |       |
| CHARACTER_SET_NAME       | varchar(32)         | YES  |     | NULL    |       |
| COLLATION_NAME           | varchar(32)         | YES  |     | NULL    |       |
| COLUMN_TYPE              | longtext            | NO   |     |         |       |
| COLUMN_KEY               | varchar(3)          | NO   |     |         |       |
| EXTRA                    | varchar(30)         | NO   |     |         |       |
| PRIVILEGES               | varchar(80)         | NO   |     |         |       |
| COLUMN_COMMENT           | varchar(1024)       | NO   |     |         |       |
| IS_GENERATED             | varchar(6)          | NO   |     |         |       |
| GENERATION_EXPRESSION    | longtext            | YES  |     | NULL    |       |
+--------------------------+---------------------+------+-----+---------+-------+
```

COLUMNS에서 우리가 확인할 것은 
{: .notice}

```
TABLE_SCHEMA, TABLE_NAME, COLUMN_NAME,
DATA_TYPE, CHARACTER_MAXIMUM_LENGTH
CHARACTER_OCTET_LENGTH, NUMERIC_SCALE, COLUMN_TYPE

MariaDB [information_schema]> SELECT TABLE_SCHEMA, TABLE_NAME, COLUMN_NAME,DATA_TYPE FROM COLUMNS WHERE TABLE_SCHEMA = 'shopping_db';
+--------------+------------+-------------+-----------+
| TABLE_SCHEMA | TABLE_NAME | COLUMN_NAME | DATA_TYPE |
+--------------+------------+-------------+-----------+
| shopping_db  | customer   | cust_id     | char      |
| shopping_db  | customer   | cust_name   | varchar   |
| shopping_db  | customer   | cust_age    | int       |
| shopping_db  | customer   | cust_addr   | varchar   |
| shopping_db  | purchase   | pur_no      | int       |
| shopping_db  | purchase   | cust_id     | char      |
| shopping_db  | purchase   | pur_date    | date      |
| shopping_db  | purchase   | pur_prod    | varchar   |
| shopping_db  | purchase   | pur_pri     | int       |
+--------------+------------+-------------+-----------+

MariaDB [information_schema]> SELECT TABLE_SCHEMA, TABLE_NAME, COLUMN_NAME,
    -> DATA_TYPE, CHARACTER_MAXIMUM_LENGTH as MAX
    -> FROM COLUMNS WHERE TABLE_SCHEMA = 'shopping_db';

+--------------+------------+-------------+-----------+------+
| TABLE_SCHEMA | TABLE_NAME | COLUMN_NAME | DATA_TYPE | MAX  |
+--------------+------------+-------------+-----------+------+
| shopping_db  | customer   | cust_id     | char      |   10 |
| shopping_db  | customer   | cust_name   | varchar   |   40 |
| shopping_db  | customer   | cust_age    | int       | NULL |
| shopping_db  | customer   | cust_addr   | varchar   |   40 |
| shopping_db  | purchase   | pur_no      | int       | NULL |
| shopping_db  | purchase   | cust_id     | char      |   10 |
| shopping_db  | purchase   | pur_date    | date      | NULL |
| shopping_db  | purchase   | pur_prod    | varchar   |   40 |
| shopping_db  | purchase   | pur_pri     | int       | NULL |
+--------------+------------+-------------+-----------+------+ 

MariaDB [information_schema]> SELECT COLUMN_NAME, CHARACTER_OCTET_LENGTH, NUMERIC_SCALE, COLUMN_TYPE FROM COLUMNS WHERE TABLE_SCHEMA = 'shopping_db';
+-------------+------------------------+---------------+-------------+
| COLUMN_NAME | CHARACTER_OCTET_LENGTH | NUMERIC_SCALE | COLUMN_TYPE |
+-------------+------------------------+---------------+-------------+
| cust_id     |                     30 |          NULL | char(10)    |
| cust_name   |                    120 |          NULL | varchar(40) |
| cust_age    |                   NULL |             0 | int(3)      |
| cust_addr   |                    120 |          NULL | varchar(40) |
| pur_no      |                   NULL |             0 | int(11)     |
| cust_id     |                     30 |          NULL | char(10)    |
| pur_date    |                   NULL |          NULL | date        |
| pur_prod    |                    120 |          NULL | varchar(40) |
| pur_pri     |                   NULL |             0 | int(11)     |
+-------------+------------------------+---------------+-------------+ 
```

```
COLUMN_PRIVILEGES 테이블 컬럼 권한에 대한 정보 제공
ON *.* 			SYSTEM
ON 			DB.* DB
ON DB.TABLE.* 		DB -> TABLE
ON DB.TABLE.COLUMN 	DB->TABLE(COLUMN)
```

TRIGGERS   
트리거에 대한 정보 제공(트리거란 테이블에 대한 이벤트에 반 응하여 자동으로 실행되는 작업을 의미)   
{: .notice}
VIEWS   
DB에 있는 뷰에 대한 정보 제공 (물리적 DB중 보여줄 내용만 조합해서 만드는 가상 DB)   
{: .notice}

---
### 데이터 사전
---

**인덱스 개념**
인덱스는 데이터를 빠르게 찾을 수 있는 수단으로서, 테이블에 대한 조회 속도를 높여 주 는 자료구조를 일컫는다.  
인덱스는 다음 그림과 같이 테이블의 특정 레코드 위치를 알려 주는 용도로 사용하는데, 이러한 인덱스는 자동으로 생성되지 않는다.  
PK 컬럼은 PK를 생성할 때 자동으로 인덱스가 생성된다. 즉, PK 컬럼은 PK를 생성할 때 자동으로 PK 인덱스가 생성된다.  
주소는 PK가 될 수 없으나 index_name에서 주소에 (일련번호를 저장) 인덱스를 생성하여 나열해서 빨리 빨리 찾을 수 있게 해놨다.  
{: .notice}

인덱스 사용 주체  
`이름' 컬럼에 대한 인덱스가 생성되어 있다면 데이터를 빠르게 찾을 수 있다. 이때 빠르게 찾는 행위의 주체는 DBMS이다. 즉, DBMS는 인덱스를 사용하여 빠른 검색을 수행한다. 이를 위해 DB 사용자는 DBMS가 인덱스를 사용할 수 있게 준비해 주어 야 한다. 따라서 DB 사용자 입장에서는 인덱스를 사용하는 개념보다는 준비하는 개념으로 접근해야 한다. 인덱스 준비 방법에 대해 알아보도록 하자
{: .notice}

```
CREATE [UNIQUE] INDEX 인덱스명 ON <테이블 명> (< 컬럼>);
DROP INDEX <index name>;
ALTER [UNIQUE] INDEX <index name> ON <table name> (<column(s)>);

MariaDB [shopping_db]> SHOW INDEX FROM customer;
+----------+------------+----------+--------------+-------------+-----------+-------------+----------+--------+------+------------+---------+---------------+
| Table    | Non_unique | Key_name | Seq_in_index | Column_name | Collation | Cardinality | Sub_part | Packed | Null | Index_type | Comment | Index_comment |
+----------+------------+----------+--------------+-------------+-----------+-------------+----------+--------+------+------------+---------+---------------+
| customer |          0 | PRIMARY  |            1 | cust_id     | A         |          10 |     NULL | NULL   |      | BTREE      |         |               |
+----------+------------+----------+--------------+-------------+-----------+-------------+----------+--------+------+------------+---------+---------------+ 

MariaDB [shopping_db]> EXPLAIN customer;
+-----------+-------------+------+-----+---------+-------+
| Field     | Type        | Null | Key | Default | Extra |
+-----------+-------------+------+-----+---------+-------+
| cust_id   | char(10)    | NO   | PRI | NULL    |       |
| cust_name | varchar(40) | NO   |     | NULL    |       |
| cust_age  | int(3)      | YES  |     | NULL    |       |
| cust_addr | varchar(40) | YES  |     | NULL    |       |
+-----------+-------------+------+-----+---------+-------+ 

MariaDB [shopping_db]> CREATE INDEX idx_cust_addr ON customer (cust_addr);
Query OK, 0 rows affected (0.037 sec)
Records: 0  Duplicates: 0  Warnings: 0

MariaDB [shopping_db]> // 생성하고 나서 보면 보인다!
MariaDB [shopping_db]> SHOW INDEX FROM customer;
+----------+------------+---------------+--------------+-------------+-----------+-------------+----------+--------+------+------------+---------+---------------+
| Table    | Non_unique | Key_name      | Seq_in_index | Column_name | Collation | Cardinality | Sub_part | Packed | Null | Index_type | Comment | Index_comment |
+----------+------------+---------------+--------------+-------------+-----------+-------------+----------+--------+------+------------+---------+---------------+
| customer |          0 | PRIMARY       |            1 | cust_id     | A         |          10 |     NULL | NULL   |      | BTREE      |         |               |
| customer |          1 | idx_cust_addr |            1 | cust_addr   | A         |          10 |     NULL | NULL   | YES  | BTREE      |         |               |
+----------+------------+---------------+--------------+-------------+-----------+-------------+----------+--------+------+------------+---------+---------------+ 

MariaDB [information_schema]> SHOW TABLES;  

MariaDB [information_schema]> EXPLAIN INDEX_STATISTICS;
+--------------+--------------+------+-----+---------+-------+
| Field        | Type         | Null | Key | Default | Extra |
+--------------+--------------+------+-----+---------+-------+
| TABLE_SCHEMA | varchar(192) | NO   |     |         |       |
| TABLE_NAME   | varchar(192) | NO   |     |         |       |
| INDEX_NAME   | varchar(192) | NO   |     |         |       |
| ROWS_READ    | bigint(21)   | NO   |     | 0       |       |
+--------------+--------------+------+-----+---------+-------+
4 rows in set (0.001 sec)

MariaDB [information_schema]> SELECT * FROM INDEX_STATISTICS;
Empty set (0.000 sec)
MariaDB [information_schema]> SELECT * FROM INNODB_SYS_INDEXES;
+----------+-----------------------+----------+------+----------+---------+-------+-----------------+
| INDEX_ID | NAME                  | TABLE_ID | TYPE | N_FIELDS | PAGE_NO | SPACE | MERGE_THRESHOLD |
+----------+-----------------------+----------+------+----------+---------+-------+-----------------+
|       11 | ID_IND                |       11 |    3 |        1 |     302 |     0 |              50 |
|       12 | FOR_IND               |       11 |    0 |        1 |     303 |     0 |              50 |
|       13 | REF_IND               |       11 |    0 |        1 |     304 |     0 |              50 |
|       14 | ID_IND                |       12 |    3 |        2 |     305 |     0 |              50 |
|       15 | SYS_TABLESPACES_SPACE |       13 |    3 |        1 |     307 |     0 |              50 |
|       16 | SYS_DATAFILES_SPACE   |       14 |    3 |        1 |     308 |     0 |              50 |
|       17 | BASE_IDX              |       15 |    3 |        3 |     310 |     0 |              50 |
|       18 | PRIMARY               |       16 |    3 |        2 |       3 |     1 |              50 |
|       19 | PRIMARY               |       17 |    3 |        4 |       3 |     2 |              50 |
|       20 | PRIMARY               |       18 |    3 |        1 |       3 |     3 |              50 |
|       21 | commit_id             |       18 |    2 |        1 |       4 |     3 |              50 |
|       22 | begin_timestamp       |       18 |    0 |        1 |       5 |     3 |              50 |
|       23 | commit_timestamp      |       18 |    0 |        2 |       6 |     3 |              50 |
|       24 | PRIMARY               |       19 |    3 |        2 |       3 |     4 |              50 |
|       25 | PRIMARY               |       20 |    3 |        1 |       3 |     5 |              50 |
|       28 | idx_cust_addr         |       20 |    0 |        1 |       4 |     5 |              50 |
|       26 | PRIMARY               |       21 |    3 |        1 |       3 |     6 |              50 |
|       27 | cust_id               |       21 |    0 |        1 |       4 |     6 |              50 |
+----------+-----------------------+----------+------+----------+---------+-------+-----------------+ 


MariaDB [information_schema]> USE shopping_db;
Reading table information for completion of table and column names
You can turn off this feature to get a quicker startup with -A

Database changed
MariaDB [shopping_db]> SHOW INDEX FROM customer;
+----------+------------+---------------+--------------+-------------+-----------+-------------+----------+--------+------+------------+---------+---------------+
| Table    | Non_unique | Key_name      | Seq_in_index | Column_name | Collation | Cardinality | Sub_part | Packed | Null | Index_type | Comment | Index_comment |
+----------+------------+---------------+--------------+-------------+-----------+-------------+----------+--------+------+------------+---------+---------------+
| customer |          0 | PRIMARY       |            1 | cust_id     | A         |          10 |     NULL | NULL   |      | BTREE      |         |               |
| customer |          1 | idx_cust_addr |            1 | cust_addr   | A         |          10 |     NULL | NULL   | YES  | BTREE      |         |               |
+----------+------------+---------------+--------------+-------------+-----------+-------------+----------+--------+------+------------+---------+---------------+
```

두개를 결합해서 만들어보자
{: .notice}
```
MariaDB [shopping_db]> CREATE INDEX idx_pur_prod_and_pri ON purchase (pur_prod, pur_pri);
Query OK, 0 rows affected (0.056 sec)
Records: 0  Duplicates: 0  Warnings: 0

SELECT 로 내용을 보니 2개의 인덱스가 생성되었다. 
MariaDB [shopping_db]> SHOW INDEX FROM purchase;
+----------+------------+----------------------+--------------+-------------+-----------+-------------+----------+--------+------+------------+---------+---------------+
| Table    | Non_unique | Key_name             | Seq_in_index | Column_name | Collation | Cardinality | Sub_part | Packed | Null | Index_type | Comment | Index_comment |
+----------+------------+----------------------+--------------+-------------+-----------+-------------+----------+--------+------+------------+---------+---------------+
| purchase |          0 | PRIMARY              |            1 | pur_no      | A         |          28 |     NULL | NULL   |      | BTREE      |         |               |
| purchase |          1 | cust_id              |            1 | cust_id     | A         |          28 |     NULL | NULL   |      | BTREE      |         |               |
| purchase |          1 | idx_pur_prod_and_pri |            1 | pur_prod    | A         |          14 |     NULL | NULL   | YES  | BTREE      |         |               |
| purchase |          1 | idx_pur_prod_and_pri |            2 | pur_pri     | A         |          14 |     NULL | NULL   | YES  | BTREE      |         |               |
+----------+------------+----------------------+--------------+-------------+-----------+-------------+----------+--------+------+------------+---------+---------------+


MariaDB [shopping_db]> SHOW INDEX FROM customer;
+----------+------------+---------------+--------------+-------------+-----------+-------------+----------+--------+------+------------+---------+---------------+
| Table    | Non_unique | Key_name      | Seq_in_index | Column_name | Collation | Cardinality | Sub_part | Packed | Null | Index_type | Comment | Index_comment |
+----------+------------+---------------+--------------+-------------+-----------+-------------+----------+--------+------+------------+---------+---------------+
| customer |          0 | PRIMARY       |            1 | cust_id     | A         |          10 |     NULL | NULL   |      | BTREE      |         |               |
| customer |          1 | idx_cust_addr |            1 | cust_addr   | A         |          10 |     NULL | NULL   | YES  | BTREE      |         |               |
+----------+------------+---------------+--------------+-------------+-----------+-------------+----------+--------+------+------------+---------+---------------+ 
```

DROP으로는 삭제가 안된다
{: .notice}
```
MariaDB [shopping_db]> DROP INDEX idx_cust_addr;
ERROR 1064 (42000): You have an error in your SQL syntax; check the manual that corresponds to your MariaDB server version for the right syntax to use near '' at line 1
```
이런경우 ALTER를 통해서 DROP 할 수 있다.
{: .notice}
```
MariaDB [shopping_db]> ALTER TABLE customer  DROP INDEX idx_cust_addr;
Query OK, 0 rows affected (0.021 sec)
Records: 0  Duplicates: 0  Warnings: 0
```
---
### 뷰(View) 개요
---
뷰(View) 개요  
뷰는 논리 테이블로서 사용자에게(생성 관점 아닌 사용 관점에서) 테이블과 동일하다. 아래 그림에서 `테이블A'와 `테이블B'는 물리 테이블을 의미하고,
`뷰C'는 두 개의 테이블을 이용하여 생성한 뷰를 의미한다.  
{: .notice}

뷰 사용   
뷰를 사용하는 주된 이유는 다음과 같은 단순한 질의어를 사용할 수 있기 때문이다.  
SELECT * FROM <View Name>;  
즉, FROM 절에 있는 하나의 <뷰>를 통해 뷰를 구성하는 복수의 <테이블>을 대체하는 단순성에 그 의의가 있다.  
또 이러한 기능을 통해 테이블의 중요 데이터 일부만을 제공할 수 있는 등 다음과 같은 장점이 있다.  
{: .notice}

뷰 생성  
뷰 생성 명령의 일반 형태는 다음과 같다. CREATE VIEW <뷰이름>(컬럼목록) AS <뷰를 통해 보여줄 데이터 조회용 쿼리문>  
앞의 [그림 2-9]에서 상황별 뷰를 생성하는 방법은 다음과 같다.  
{: .notice}
```
상황:
뷰 생성 쿼리문

테이블A 그대로:
CREATE VIEW 뷰A AS select * from 테이블A;

테이블 A 일부 컬럼: 
CREATE VIEW 뷰X AS select 컬럼1,컬럼2,컬럼3 from 테이블A;

테이블A와 테이블B 조인 결과:
CREATE VIEW 뷰Y AS select * from 테이블A a, 테이블B b where a.컬럼1=b.COL1;
```

뷰를 통해서 테이블에 값을 INSERT 하는것도 가능한데 , select에 있는 필드들이 모두 NOT null을 포함할 때 가능하다.
{: .notice}
```
DROP VIEW <View Name>;
```
다음 쿼리문을 이용하여 뷰를 생성한다. 
{: .notice}
```
CREATE VIEW CHECK_LOGIN_VIEW AS select UID, PASSWORD from EMP;
```
이와 같이 생성된 뷰에 대해 응용 프로그램은 다음과 같은 쿼리문을 사용할 수 있다.
{: .notice}
```
SELECT UID FROM CHECK_LOGIN_VIEW WHERE UID=’user’, PASSWORD=’pw’
```
```
CREATE VIEW CHECK_WORKPLACE_VIEW
 AS select UID, NAME, WORKPLACE from EMP
 WHERE WORKPLACE IN (‘서울‘,’부산‘);
```
이와 같이 생성된 뷰를 통하여 서울과 부산 지역에 근무하는 직원 정보를 조건절 없는 쿼리문으로 조회할 수 있다.
{: .notice}

실습을 해보자 (우선 user1을 만든다)
{: .notice}
```
MariaDB [shopping_db]> CREATE USER 'user1'@'localhost' IDENTIFIED BY '123';
Query OK, 0 rows affected (0.010 sec)
```
User1로 로그인하여 보면 아무런 권한이 없어서 기본 테이블들만 보인다
{: .notice}
```
[root@ns2 ~]# mysql -u user1 -p123
MariaDB [(none)]> SHOW DATABASES;
+--------------------+
| Database           |
+--------------------+
| information_schema |
| test               |
+--------------------+
 
MariaDB [shopping_db]> CREATE USER 'user1'@'localhost' IDENTIFIED BY '123';
Query OK, 0 rows affected (0.010 sec)

MariaDB [shopping_db]> GRANT SELECT ON shopping_db.customer
    -> TO 'user1'@'localhost';
Query OK, 0 rows affected (0.010 sec)
```
다시 확인해보자
{: .notice}
```
MariaDB [(none)]> SHOW DATABASES;
+--------------------+
| Database           |
+--------------------+
| information_schema |
| shopping_db        |
| test               |
+--------------------+
3 rows in set (0.000 sec)

MariaDB [(none)]> 
```
다행히 바로 보인다
{: .notice}
```
MariaDB [(none)]> USE shopping_db
Reading table information for completion of table and column names
You can turn off this feature to get a quicker startup with -A

Database changed
MariaDB [shopping_db]>

MariaDB [shopping_db]> SHOW TABLES;
+-----------------------+
| Tables_in_shopping_db |
+-----------------------+
| customer              |
+-----------------------+
1 row in set (0.000 sec)

MariaDB [shopping_db]> REVOKE SELECT ON shopping_db.customer
    -> FROM 'user1'@'localhost';
```
다시 확인 해보자
{: .notice}
```
MariaDB [shopping_db]> SELECT * FROM customer;
ERROR 1142 (42000): SELECT command denied to user 'user1'@'localhost' for table 'customer'
MariaDB [shopping_db]>
```
이번엔 뷰를 만들어서 부여해볼것이다. 일단 뷰를 생성하고 조회하자 
{: .notice}
```
MariaDB [shopping_db]> CREATE VIEW view_customer
    -> AS SELECT cust_id, cust_name FROM customer;
Query OK, 0 rows affected (0.011 sec)

MariaDB [shopping_db]> SELECT * FROM view_customer;
+---------+-----------+
| cust_id | cust_name |
+---------+-----------+
| choi    | 최시원    |
| dang    | 당탕이    |
| hong    | 홍길동    |
| john    | 존밴이    |
| kang    | 강만수    |
| kim     | 김지혜    |
| lee     | 이철수    |
| min     | 민병철    |
| ppuni   | 이뿌니    |
| ryu     | 류민원    |
+---------+-----------+
10 rows in set (0.000 sec)
```
뷰는 테이블에서도 보인다 그래서 이름에서라도 표시를 해두는게 좋다
{: .notice}
```
MariaDB [shopping_db]> SHOW TABLES;
+-----------------------+
| Tables_in_shopping_db |
+-----------------------+
| customer              |
| purchase              |
| view_customer         |
+-----------------------+
3 rows in set (0.000 sec)

MariaDB [shopping_db]> GRANT SELECT ON shopping_db.view_customer TO 'user1'@'localhost';
Query OK, 0 rows affected (0.010 sec)
```
잘 보인다.
{: .notice}
```
MariaDB [shopping_db]> SELECT * FROM view_customer;
+---------+-----------+
| cust_id | cust_name |
+---------+-----------+
| choi    | 최시원    |
| dang    | 당탕이    |
| hong    | 홍길동    |
| john    | 존밴이    |
| kang    | 강만수    |
| kim     | 김지혜    |
| lee     | 이철수    |
| min     | 민병철    |
| ppuni   | 이뿌니    |
| ryu     | 류민원    |
+---------+-----------+
10 rows in set (0.000 sec)

MariaDB [shopping_db]> SELECT cust_id, cust_name, cust_addr
    -> FROM customer
    -> WHERE cust_addr IN ('서울', '경기');
+---------+-----------+-----------+
| cust_id | cust_name | cust_addr |
+---------+-----------+-----------+
| choi    | 최시원    | 경기      |
| hong    | 홍길동    | 경기      |
| kang    | 강만수    | 서울      |
| kim     | 김지혜    | 서울      |
| min     | 민병철    | 서울      |
| ppuni   | 이뿌니    | 서울      |
| ryu     | 류민원    | 경기      |
+---------+-----------+-----------+
7 rows in set (0.000 sec)

MariaDB [shopping_db]> CREATE VIEW view_cust_addr
    -> AS SELECT cust_id, cust_name, cust_addr
    -> FROM customer
    -> WHERE cust_addr IN ('서울', '경기');
```
권한을 주자
{: .notice}
```
MariaDB [shopping_db]> GRANT SELECT ON shopping_db.view_cust_addr
    -> TO 'user1'@'localhost';
```

유저1에서 한번 보자 (서울과 경기에 사는 사람만 보인다~)
{: .notice}

```
MariaDB [shopping_db]> SELECT * FROM view_cust_addr;
+---------+-----------+-----------+
| cust_id | cust_name | cust_addr |
+---------+-----------+-----------+
| choi    | 최시원    | 경기      |
| hong    | 홍길동    | 경기      |
| kang    | 강만수    | 서울      |
| kim     | 김지혜    | 서울      |
| min     | 민병철    | 서울      |
| ppuni   | 이뿌니    | 서울      |
| ryu     | 류민원    | 경기      |
+---------+-----------+-----------+
7 rows in set (0.000 sec)
```
















